======================================================================
[TEST EXTRACTION WITH FIX]
======================================================================
PDF: FOSS_REPORT_Template_1V.pdf
Text length: 8163 chars

[Field Extractor] [INIT] Initialized with multi-strategy extraction
[Extractor] Processing 147 lines, 8163 chars
[Extractor] Doc Type Analysis:
   Certificate Score: 20.0
   Report Score:      25.0
   Text Length:       8163 chars
   Non-empty Lines:   147
   Avg Line Length:   55.5
   Paragraphs:        1
python : Traceback (most recent call last):
At line:1 char:68
+ ... pts\Activate.ps1" ; python test_fix.py 2>&1 > test_output.txt ; type  ...
+                         ~~~~~~~~~~~~~~~~~~~~~~~~~~~~~~~~~~~~~~~~~
    + CategoryInfo          : NotSpecified: (Traceback (most recent call last)::String) [], Remot 
   eException
    + FullyQualifiedErrorId : NativeCommandError
 
  File "E:\Projects\MAJOR PROJECT\test_fix.py", line 29, in <module>
    extracted = extractor.extract_all_fields(full_text, "FOSS_REPORT_Template_1V.pdf")
                ^^^^^^^^^^^^^^^^^^^^^^^^^^^^^^^^^^^^^^^^^^^^^^^^^^^^^^^^^^^^^^^^^^^^^^
  File "E:\Projects\MAJOR PROJECT\backend\agents\field_extractor.py", line 132, in 
extract_all_fields
    doc_type = self._detect_document_type(text, text_upper, lines)
               ^^^^^^^^^^^^^^^^^^^^^^^^^^^^^^^^^^^^^^^^^^^^^^^^^^^
  File "E:\Projects\MAJOR PROJECT\backend\agents\field_extractor.py", line 364, in 
_detect_document_type
    print(f"   \u2705 Detected Type: {result}\n")
  File "C:\Users\amans\AppData\Local\Programs\Python\Python311\Lib\encodings\cp1252.py", line 19, 
in encode
    return codecs.charmap_encode(input,self.errors,encoding_table)[0]
           ^^^^^^^^^^^^^^^^^^^^^^^^^^^^^^^^^^^^^^^^^^^^^^^^^^^^^^^
UnicodeEncodeError: 'charmap' codec can't encode character '\u2705' in position 3: character maps 
to <undefined>
